// Jest Snapshot v1, https://goo.gl/fbAQLP

exports[`Fetch parser should parse a message even if there is no author 1`] = `
Array [
  Object {
    "author": "すいれんP",
    "html": "トイレを中に仕込むのは難しそうだし離れが良いかもね",
    "id": "CjoKGkNPbjd1T2VvdnU0Q0ZiSWRyUVlkZHFNUDJnEhxDUENQOWNtZnZ1NENGUXlaY0FvZDViRU1DUTI3",
    "message": "トイレを中に仕込むのは難しそうだし離れが良いかもね",
    "timestamp": "10:31:21",
  },
  Object {
    "author": "パセリ",
    "html": "草",
    "id": "CjoKGkNQMzY1LWVvdnU0Q0ZTSUNyUVlkU1RNRzlREhxDSkRPb0wtWXZ1NENGUmZWZ2dvZFlwd09idzEx",
    "message": "草",
    "timestamp": "10:31:21",
  },
  Object {
    "author": "冴城躁庵",
    "html": "体に悪いから我慢しないで…",
    "id": "CjsKGkNORzE2LWVvdnU0Q0ZiZ1VyUVlkeF9zQUhREh1DS1Q4N2FHaXZ1NENGWU5QaXdvZE1oQUJ2Zy01Nw%3D%3D",
    "message": "体に悪いから我慢しないで…",
    "timestamp": "10:31:22",
  },
  Object {
    "author": "C.Leo",
    "html": ";;",
    "id": "CjoKGkNJRHM3dWVvdnU0Q0ZiSWRyUVlkZHFNUDJnEhxDSjdDeWVPbHZ1NENGY1d1WXdZZHRNUUlmZzI3",
    "message": ";;",
    "timestamp": "10:31:22",
  },
  Object {
    "author": "いなかのこう",
    "html": "そもそこまで我慢すな",
    "id": "CjkKGkNLUFg5ZWVvdnU0Q0ZTSUNyUVlkU1RNRzlREhtDTDNWNDVtbnZ1NENGUXRJaFFvZFNiNE5wQTA%3D",
    "message": "そもそこまで我慢すな",
    "timestamp": "10:31:22",
  },
  Object {
    "author": "サバミソ",
    "badgeUrl": "https://yt3.ggpht.com/mC6-CXmx2uBJ8WbaOTgrdnEHzhKsyFxm8X8EWrPffYerOcFEyQEe6Fvp5W5nf-O6P_2kuojYXnc=s16-c-k",
    "html": "ｗｗ",
    "id": "CjoKGkNJUGwtZWVvdnU0Q0ZYMGVyUVlkVmxzR1BnEhxDTXZvaTRpWXZ1NENGVTlIaFFvZFlnQUw2ZzQ1",
    "member": true,
    "message": "ｗｗ",
    "timestamp": "10:31:22",
  },
  Object {
    "author": "怪盗キット",
    "html": "和式トイレ",
    "id": "CjsKGkNLQ3k5LWVvdnU0Q0ZWWV9yUVlkRWtBSlRnEh1DSnk0aVlXb3Z1NENGYnRTaFFvZGt3b0VOdy0zMQ%3D%3D",
    "message": "和式トイレ",
    "timestamp": "10:31:22",
  },
  Object {
    "author": "飛電_元hidekin",
    "badgeUrl": "https://yt3.ggpht.com/ccJj8YhVfO35nuxgczx6yPWe1dSDnTa8UCshIOuVwbGBW6O9XHGhHSFkGt8h30RjFfPi3kLsDg=s16-c-k",
    "html": "トイレの位置が何処にくるか、検討つけて建てないと",
    "id": "CjoKGkNQZmRfLWVvdnU0Q0Zjd0RyUVlkQkw4SHd3EhxDTWpHaU9DbnZ1NENGWkJGWUFvZHlPSU5idy0x",
    "member": true,
    "message": "トイレの位置が何処にくるか、検討つけて建てないと",
    "timestamp": "10:31:22",
  },
  Object {
    "author": "Koay J-Shenn",
    "html": "F",
    "id": "CjoKGkNOYWVtLWlvdnU0Q0Zjd0RyUVlkQkw4SHd3EhxDUHlUcHFLaHZ1NENGY0ptS2dvZFpId09lQTIw",
    "message": "F",
    "timestamp": "10:31:22",
  },
  Object {
    "author": "とりう",
    "badgeUrl": "https://yt3.ggpht.com/Tmc31yIEGVmQvnnKmgNeBdm5SZ5j276adpMgCLVKxFRLj3htk5gVy0IiIqtJEIvh5wu-Zwtd=s16-c-k",
    "html": "炎症おこすぞｗ",
    "id": "CjoKGkNNLVpxLWlvdnU0Q0ZWWV9yUVlkRWtBSlRnEhxDSXVJMGZpZ3Z1NENGWGd4dHdBZGYtWUYwUTUy",
    "member": true,
    "message": "炎症おこすぞｗ",
    "timestamp": "10:31:23",
  },
  Object {
    "author": undefined,
    "badgeUrl": "https://yt3.ggpht.com/PQf1apgZon-YKiqmvHF-oQnjdMYthj5CAhlaH6jeSis5BqF9vp_lDC0OpTKN-nby0EmFF16Y-w=s16-c-k",
    "html": "膀胱炎…",
    "id": "CjsKGkNQM3FzLWlvdnU0Q0ZYMGVyUVlkVmxzR1BnEh1DS2picWJPWXZ1NENGWjlCOVFVZEdsNERXQS0xNA%3D%3D",
    "member": true,
    "message": "膀胱炎…",
    "timestamp": "10:31:23",
  },
  Object {
    "author": "リーンリーン",
    "html": "草",
    "id": "CjoKGkNKUE96dWlvdnU0Q0ZYY1hyUVlkZmswRS1REhxDSU9tMlltanZ1NENGWW45T0FZZE9MNENlZzE0",
    "message": "草",
    "timestamp": "10:31:23",
  },
  Object {
    "author": "American Gundam",
    "html": "so darn lovely",
    "id": "CjkKGkNNcmQwLWlvdnU0Q0ZiSWRyUVlkZHFNUDJnEhtDTUNrbU51b3Z1NENGV1VEVEFvZFRjc0hldzE%3D",
    "message": "so darn lovely",
    "timestamp": "10:31:23",
  },
  Object {
    "author": "K R B【かるび】ん",
    "badgeUrl": "https://yt3.ggpht.com/mC6-CXmx2uBJ8WbaOTgrdnEHzhKsyFxm8X8EWrPffYerOcFEyQEe6Fvp5W5nf-O6P_2kuojYXnc=s16-c-k",
    "html": "がまんした方がきもちいいぞ",
    "id": "CjoKGkNKSzgzdWlvdnU0Q0ZiSWRyUVlkZHFNUDJnEhxDSUhTdmJXZ3Z1NENGUlVJWUFvZG5OUUF2QTM4",
    "member": true,
    "message": "がまんした方がきもちいいぞ",
    "timestamp": "10:31:23",
  },
  Object {
    "author": "エスターク",
    "html": "頑張らなくていいんだよ",
    "id": "CjoKGkNJXzU5dWlvdnU0Q0ZUb3VyUVlkX2hnSnRREhxDTXF6N0tLb3Z1NENGVXlrV0FvZC1kSU5nUS0x",
    "message": "頑張らなくていいんだよ",
    "timestamp": "10:31:24",
  },
  Object {
    "author": "No Jam Jeong [Reine's Chat Food Provider]",
    "html": "F",
    "id": "CkUKGkNLbmZrZW1vdnU0Q0ZiZ1VyUVlkeF9zQUhREidDSi01dlptb3Z1NENGZkhaVEFJZHVyTUlMUTE2MTE4MjYyNzM0MjU%3D",
    "message": "F",
    "timestamp": "10:31:24",
  },
  Object {
    "author": "CHAKA24",
    "html": "RIP 🦃",
    "id": "CkUKGkNQUGRzT21vdnU0Q0ZYY1hyUVlkZmswRS1REidDTWFGNC1hb3Z1NENGVlNXd2dvZGxCa0k1dzE2MTE4MjYyODQ2NjU%3D",
    "message": "RIP 🦃",
    "timestamp": "10:31:25",
  },
  Object {
    "author": "名前のない猫",
    "badgeUrl": "https://yt3.ggpht.com/Tmc31yIEGVmQvnnKmgNeBdm5SZ5j276adpMgCLVKxFRLj3htk5gVy0IiIqtJEIvh5wu-Zwtd=s16-c-k",
    "html": "草",
    "id": "CjkKGkNPYnN0T21vdnU0Q0ZYY1hyUVlkZmswRS1REhtDSWJzaHNlWXZ1NENGUWVBWXdZZDRaVUFWUTk%3D",
    "member": true,
    "message": "草",
    "timestamp": "10:31:25",
  },
]
`;
